Dataset: 303 patients, class balance = {0: np.int64(164), 1: np.int64(139)}
Protocol: 5-fold Stratified CV, repeated over seeds [42, 7, 123]
==============================================================================
Training GCN full model (5-fold x 3 seeds)...
Training Logistic Regression (5-fold x 3 seeds)...
Training Random Forest (5-fold x 3 seeds)...
Training Gradient Boosting (5-fold x 3 seeds)...
Training MLP (5-fold x 3 seeds)...
Training XGBoost (5-fold x 3 seeds)...
Training LightGBM (5-fold x 3 seeds)...

==============================================================================
MODEL COMPARISON (5-fold CV x 3 seeds, mean ± std)
==============================================================================
              Model        Accuracy       Precision          Recall              F1         ROC-AUC             MCC     Specificity
         GCN (Ours) 0.8131 ± 0.0638 0.8075 ± 0.0984 0.8011 ± 0.0748 0.7988 ± 0.0595 0.9056 ± 0.0408 0.6320 ± 0.1218 0.8237 ± 0.1170
Logistic Regression 0.8184 ± 0.0524 0.7870 ± 0.0766 0.8444 ± 0.0842 0.8100 ± 0.0537 0.9025 ± 0.0385 0.6457 ± 0.1003 0.7971 ± 0.0940
      Random Forest 0.7812 ± 0.0690 0.7389 ± 0.1031 0.8609 ± 0.0841 0.7864 ± 0.0494 0.9033 ± 0.0365 0.5912 ± 0.1082 0.7140 ± 0.1685
  Gradient Boosting 0.7845 ± 0.0532 0.7513 ± 0.0712 0.8074 ± 0.0790 0.7743 ± 0.0545 0.8722 ± 0.0396 0.5754 ± 0.1019 0.7648 ± 0.0921
                MLP 0.7822 ± 0.0480 0.7401 ± 0.0635 0.8227 ± 0.0643 0.7764 ± 0.0450 0.8680 ± 0.0320 0.5728 ± 0.0914 0.7482 ± 0.0849
            XGBoost 0.7944 ± 0.0459 0.7478 ± 0.0664 0.8515 ± 0.0677 0.7924 ± 0.0386 0.8845 ± 0.0332 0.6027 ± 0.0831 0.7463 ± 0.0981
           LightGBM 0.7922 ± 0.0456 0.7654 ± 0.0507 0.7914 ± 0.0633 0.7772 ± 0.0493 0.8817 ± 0.0355 0.5844 ± 0.0919 0.7929 ± 0.0527

==============================================================================
STATISTICAL SIGNIFICANCE (GCN vs baselines)
==============================================================================
GCN vs Logistic Regression: McNemar p=0.7003 (b=15, c=12), Wilcoxon(foldF1,n=15) p=0.2455
GCN vs Random Forest: McNemar p=0.7656 (b=24, c=21), Wilcoxon(foldF1,n=15) p=0.2455
GCN vs XGBoost: McNemar p=1.0000 (b=25, c=26), Wilcoxon(foldF1,n=15) p=0.5995
GCN vs LightGBM: McNemar p=0.6583 (b=25, c=21), Wilcoxon(foldF1,n=15) p=0.1514

Saved: results/table_model_comparison.csv, table_pooled_oof.csv, table_statistical_tests.csv, main_summary.json
